2026-06-03 23:50:16.900 ane_mpsgraph_counterbalanced_canary[83867:12069892] [coreml] compile_start path=tmp/20260603_mpsgraph_ane/shared_l0_b2048_8bit_20260603T234320.mlpackage
2026-06-03 23:50:19.608 ane_mpsgraph_counterbalanced_canary[83867:12069892] [shape] input=x (
    2048,
    4096
) output=shared_out (
    2048,
    4096
) trials=12 evict_mib=0 input_mode=separate seed=17323
2026-06-03 23:50:19.818 ane_mpsgraph_counterbalanced_canary[83867:12069892] [warmup] output_backing_used=yes
2026-06-03 23:50:20.042 ane_mpsgraph_counterbalanced_canary[83867:12069892] [trial] index=0 order=mps_after_ane_evicted,mps_after_ane,ane_after_mps,mps_evicted,mps_only,ane_only,concurrent,serial_ane_mps
2026-06-03 23:50:20.243 ane_mpsgraph_counterbalanced_canary[83867:12069892] [trial] index=1 order=mps_after_ane_evicted,mps_evicted,mps_only,concurrent,serial_ane_mps,ane_after_mps,ane_only,mps_after_ane
2026-06-03 23:50:20.450 ane_mpsgraph_counterbalanced_canary[83867:12069892] [trial] index=2 order=mps_only,mps_after_ane,ane_after_mps,ane_only,concurrent,mps_evicted,serial_ane_mps,mps_after_ane_evicted
2026-06-03 23:50:20.652 ane_mpsgraph_counterbalanced_canary[83867:12069892] [trial] index=3 order=ane_only,mps_after_ane,mps_evicted,serial_ane_mps,concurrent,ane_after_mps,mps_after_ane_evicted,mps_only
2026-06-03 23:50:20.870 ane_mpsgraph_counterbalanced_canary[83867:12069892] [trial] index=4 order=mps_after_ane,ane_only,mps_only,serial_ane_mps,ane_after_mps,mps_after_ane_evicted,concurrent,mps_evicted
2026-06-03 23:50:21.079 ane_mpsgraph_counterbalanced_canary[83867:12069892] [trial] index=5 order=ane_only,serial_ane_mps,mps_evicted,mps_after_ane,mps_only,ane_after_mps,mps_after_ane_evicted,concurrent
2026-06-03 23:50:21.285 ane_mpsgraph_counterbalanced_canary[83867:12069892] [trial] index=6 order=serial_ane_mps,ane_after_mps,mps_after_ane,concurrent,mps_only,mps_evicted,mps_after_ane_evicted,ane_only
2026-06-03 23:50:21.510 ane_mpsgraph_counterbalanced_canary[83867:12069892] [trial] index=7 order=mps_evicted,mps_after_ane,mps_after_ane_evicted,mps_only,ane_only,concurrent,serial_ane_mps,ane_after_mps
2026-06-03 23:50:21.768 ane_mpsgraph_counterbalanced_canary[83867:12069892] [trial] index=8 order=mps_only,ane_only,concurrent,mps_evicted,ane_after_mps,mps_after_ane_evicted,mps_after_ane,serial_ane_mps
2026-06-03 23:50:21.996 ane_mpsgraph_counterbalanced_canary[83867:12069892] [trial] index=9 order=ane_only,mps_only,mps_evicted,mps_after_ane_evicted,ane_after_mps,concurrent,serial_ane_mps,mps_after_ane
2026-06-03 23:50:22.204 ane_mpsgraph_counterbalanced_canary[83867:12069892] [trial] index=10 order=concurrent,mps_after_ane,mps_evicted,ane_after_mps,serial_ane_mps,ane_only,mps_only,mps_after_ane_evicted
2026-06-03 23:50:22.451 ane_mpsgraph_counterbalanced_canary[83867:12069892] [trial] index=11 order=mps_evicted,mps_after_ane,ane_only,concurrent,serial_ane_mps,ane_after_mps,mps_after_ane_evicted,mps_only
2026-06-03 23:50:22.451 ane_mpsgraph_counterbalanced_canary[83867:12069892] [summary] mode=separate evict_mib=0 case=ane_only n=12 min_ms=12.508 p50_ms=18.868 p90_ms=22.066 max_ms=23.156 mean_ms=18.472
2026-06-03 23:50:22.451 ane_mpsgraph_counterbalanced_canary[83867:12069892] [summary] mode=separate evict_mib=0 case=mps_only n=12 min_ms=10.885 p50_ms=15.075 p90_ms=20.363 max_ms=22.980 mean_ms=15.357
2026-06-03 23:50:22.451 ane_mpsgraph_counterbalanced_canary[83867:12069892] [summary] mode=separate evict_mib=0 case=mps_evicted n=12 min_ms=8.633 p50_ms=15.807 p90_ms=21.979 max_ms=22.984 mean_ms=16.011
2026-06-03 23:50:22.451 ane_mpsgraph_counterbalanced_canary[83867:12069892] [summary] mode=separate evict_mib=0 case=mps_after_ane n=12 min_ms=12.444 p50_ms=19.674 p90_ms=25.179 max_ms=27.445 mean_ms=18.988
2026-06-03 23:50:22.451 ane_mpsgraph_counterbalanced_canary[83867:12069892] [summary] mode=separate evict_mib=0 case=mps_after_ane_evicted n=12 min_ms=9.824 p50_ms=16.348 p90_ms=21.055 max_ms=21.506 mean_ms=15.993
2026-06-03 23:50:22.451 ane_mpsgraph_counterbalanced_canary[83867:12069892] [summary] mode=separate evict_mib=0 case=ane_after_mps n=12 min_ms=18.599 p50_ms=20.990 p90_ms=23.137 max_ms=23.692 mean_ms=21.294
2026-06-03 23:50:22.451 ane_mpsgraph_counterbalanced_canary[83867:12069892] [summary] mode=separate evict_mib=0 case=serial_ane_mps n=12 min_ms=28.401 p50_ms=40.486 p90_ms=45.725 max_ms=46.188 mean_ms=38.644
2026-06-03 23:50:22.451 ane_mpsgraph_counterbalanced_canary[83867:12069892] [summary] mode=separate evict_mib=0 case=concurrent n=12 min_ms=16.617 p50_ms=21.109 p90_ms=22.868 max_ms=23.028 mean_ms=20.769
2026-06-03 23:50:22.451 ane_mpsgraph_counterbalanced_canary[83867:12069892] [derived] mode=separate evict_mib=0 ane_plus_mps_p50_ms=33.943 serial_measured_p50_ms=40.486 concurrent_p50_ms=21.109 overlap_speedup_p50=1.608
2026-06-03 23:50:22.451 ane_mpsgraph_counterbalanced_canary[83867:12069892] [cache_effect] mode=separate evict_mib=0 mps_only_p50_ms=15.075 mps_evicted_p50_ms=15.807 mps_after_ane_p50_ms=19.674 mps_after_ane_evicted_p50_ms=16.348 evict_p50_ms=0.000
2026-06-03 23:50:22.451 ane_mpsgraph_counterbalanced_canary[83867:12069892] [ane_output_sample] words=8388608 first=0x2aa6 0xb9fd 0xb7b9 0xb6a3
